============================================================
BERT 微调 — 心理咨询对话分类
设备: cuda (显存: 11.6GB)
============================================================

▶ 加载数据: data/人工标注/bert_training_data.json
  总计: 250972 条
    S1日常困扰: 107037条 (42.6%)
    S2心理障碍: 131307条 (52.3%)
    S3紧急危机: 12628条 (5.0%)

  划分: 训练242972 / 验证3000 / 测试5000

▶ 加载 BERT tokenizer (本地)...
  BERT 词表大小: 21128 (0.1s)
  loading pre-tokenized data...
  loaded 242972 items (0.4s)
  loading pre-tokenized data...
  loaded 3000 items (0.4s)
  loading pre-tokenized data...
  loaded 5000 items (0.3s)

▶ 加载 BERT 模型 (本地)...
Some weights of BertForSequenceClassification were not initialized from the model checkpoint at nn/bert-model and are newly initialized: ['classifier.bias', 'classifier.weight']
You should probably TRAIN this model on a down-stream task to be able to use it for predictions and inference.
  BERT 参数: 102,269,955 (1.1s)
  模型显存: 399MB / 总 11.6GB

▶ 开始训练 (3 epochs)...
  batch=32, 梯度累积=1, 等效batch=32
  总步数: 22779, 预热: 2277
  ✓ 保存最佳模型 (acc=0.7607)
  Epoch 1/3 | train_loss=0.5633 val_loss=0.5360 val_acc=0.7607 | 578s
  ✓ 保存最佳模型 (acc=0.7697)
  Epoch 2/3 | train_loss=0.4985 val_loss=0.5219 val_acc=0.7697 | 579s
  Epoch 3/3 | train_loss=0.4501 val_loss=0.5380 val_acc=0.7667 | 579s

============================================================
📊 BERT 测试结果
============================================================
  测试准确率: 0.7724 (77.24%)
  总训练时间: 1746s

  分类报告:
              precision    recall  f1-score   support

      S1日常困扰       0.74      0.80      0.77      2132
      S2心理障碍       0.80      0.77      0.79      2616
      S3紧急危机       0.78      0.55      0.64       252

    accuracy                           0.77      5000
   macro avg       0.77      0.71      0.73      5000
weighted avg       0.77      0.77      0.77      5000


============================================================
模型对比 (S1/S2/S3)
============================================================
  模型                        准确率       
  -----------------------------------
  CharCNN (Original 250K)   ~0.6833   
  CharCNN (Deep v3 50K)     ~0.7567   
  BERT (refined labels)     0.7724    

  ✅ BERT 超越 CharCNN!

  模型已保存: nn/models/bert_best.pt
